{
  "version": "1.5.0",
  "plugins_used": [
    {
      "name": "ArtifactoryDetector"
    },
    {
      "name": "AWSKeyDetector"
    },
    {
      "name": "AzureStorageKeyDetector"
    },
    {
      "name": "Base64HighEntropyString",
      "limit": 4.5
    },
    {
      "name": "BasicAuthDetector"
    },
    {
      "name": "CloudantDetector"
    },
    {
      "name": "DiscordBotTokenDetector"
    },
    {
      "name": "GitHubTokenDetector"
    },
    {
      "name": "GitLabTokenDetector"
    },
    {
      "name": "HexHighEntropyString",
      "limit": 3.0
    },
    {
      "name": "IbmCloudIamDetector"
    },
    {
      "name": "IbmCosHmacDetector"
    },
    {
      "name": "IPPublicDetector"
    },
    {
      "name": "JwtTokenDetector"
    },
    {
      "name": "KeywordDetector",
      "keyword_exclude": ""
    },
    {
      "name": "MailchimpDetector"
    },
    {
      "name": "NpmDetector"
    },
    {
      "name": "OpenAIDetector"
    },
    {
      "name": "PrivateKeyDetector"
    },
    {
      "name": "PypiTokenDetector"
    },
    {
      "name": "SendGridDetector"
    },
    {
      "name": "SlackDetector"
    },
    {
      "name": "SoftlayerDetector"
    },
    {
      "name": "SquareOAuthDetector"
    },
    {
      "name": "StripeDetector"
    },
    {
      "name": "TelegramBotTokenDetector"
    },
    {
      "name": "TwilioKeyDetector"
    }
  ],
  "filters_used": [
    {
      "path": "detect_secrets.filters.allowlist.is_line_allowlisted"
    },
    {
      "path": "detect_secrets.filters.common.is_ignored_due_to_verification_policies",
      "min_level": 2
    },
    {
      "path": "detect_secrets.filters.heuristic.is_indirect_reference"
    },
    {
      "path": "detect_secrets.filters.heuristic.is_likely_id_string"
    },
    {
      "path": "detect_secrets.filters.heuristic.is_lock_file"
    },
    {
      "path": "detect_secrets.filters.heuristic.is_not_alphanumeric_string"
    },
    {
      "path": "detect_secrets.filters.heuristic.is_potential_uuid"
    },
    {
      "path": "detect_secrets.filters.heuristic.is_prefixed_with_dollar_sign"
    },
    {
      "path": "detect_secrets.filters.heuristic.is_sequential_string"
    },
    {
      "path": "detect_secrets.filters.heuristic.is_swagger_file"
    },
    {
      "path": "detect_secrets.filters.heuristic.is_templated_secret"
    },
    {
      "path": "detect_secrets.filters.regex.should_exclude_file",
      "pattern": [
        "\\.env.*",
        "node_modules",
        "\\.venv",
        "venv"
      ]
    }
  ],
  "results": {
    "database/tests/unit/test_db_service.py": [
      {
        "type": "Secret Keyword",
        "filename": "database/tests/unit/test_db_service.py",
        "hashed_secret": "a94a8fe5ccb19ba61c4c0873d391e987982fbbd3",
        "is_verified": false,
        "line_number": 47
      }
    ],
    "deploy/docker/docker-compose.dev.yml": [
      {
        "type": "Secret Keyword",
        "filename": "deploy/docker/docker-compose.dev.yml",
        "hashed_secret": "d2f682e2a3e8197c6947372a1e99abcafb5bb5e6",
        "is_verified": false,
        "line_number": 12
      },
      {
        "type": "Secret Keyword",
        "filename": "deploy/docker/docker-compose.dev.yml",
        "hashed_secret": "4c83ff2aca6b6ff50d5d680a16d7cf6936b5e632",
        "is_verified": false,
        "line_number": 49
      }
    ],
    "docs/reference/API.md": [
      {
        "type": "Secret Keyword",
        "filename": "docs/reference/API.md",
        "hashed_secret": "5baa61e4c9b93f3f0682250b6cf8331b7ee68fd8",
        "is_verified": false,
        "line_number": 43
      }
    ],
    "frontend/src/i18n/locales/de.json": [
      {
        "type": "Secret Keyword",
        "filename": "frontend/src/i18n/locales/de.json",
        "hashed_secret": "0719708d1cc814839bd818fdc27d446652f03383",
        "is_verified": false,
        "line_number": 745
      },
      {
        "type": "Secret Keyword",
        "filename": "frontend/src/i18n/locales/de.json",
        "hashed_secret": "0d96aa29f857248730c22678ee79bcd3bb6f3a87",
        "is_verified": false,
        "line_number": 747
      }
    ],
    "frontend/src/i18n/locales/en.json": [
      {
        "type": "Secret Keyword",
        "filename": "frontend/src/i18n/locales/en.json",
        "hashed_secret": "8be3c943b1609fffbfc51aad666d0a04adf83c9d",
        "is_verified": false,
        "line_number": 745
      },
      {
        "type": "Secret Keyword",
        "filename": "frontend/src/i18n/locales/en.json",
        "hashed_secret": "1378167d526696147e06dc809e7bc906e36fd7d1",
        "is_verified": false,
        "line_number": 747
      }
    ],
    "frontend/src/i18n/locales/fr.json": [
      {
        "type": "Secret Keyword",
        "filename": "frontend/src/i18n/locales/fr.json",
        "hashed_secret": "94e2f3ee14b92e2e675a8f6118d28738dbf5c6ba",
        "is_verified": false,
        "line_number": 745
      },
      {
        "type": "Secret Keyword",
        "filename": "frontend/src/i18n/locales/fr.json",
        "hashed_secret": "9f4b33807e3f0e7a47fd5a90cf31214fee711c45",
        "is_verified": false,
        "line_number": 747
      }
    ],
    "frontend/src/i18n/locales/it.json": [
      {
        "type": "Secret Keyword",
        "filename": "frontend/src/i18n/locales/it.json",
        "hashed_secret": "8be3c943b1609fffbfc51aad666d0a04adf83c9d",
        "is_verified": false,
        "line_number": 745
      },
      {
        "type": "Secret Keyword",
        "filename": "frontend/src/i18n/locales/it.json",
        "hashed_secret": "c934463694c02aa07a75b545dd030e19e948ab9a",
        "is_verified": false,
        "line_number": 747
      }
    ],
    "graphrag/tests/unit/test_llm_service.py": [
      {
        "type": "Secret Keyword",
        "filename": "graphrag/tests/unit/test_llm_service.py",
        "hashed_secret": "3acfb2c2b433c0ea7ff107e33df91b18e52f960f",
        "is_verified": false,
        "line_number": 58
      },
      {
        "type": "Secret Keyword",
        "filename": "graphrag/tests/unit/test_llm_service.py",
        "hashed_secret": "0da3cd27457679125b3ac44491caed49540c7ee9",
        "is_verified": false,
        "line_number": 66
      }
    ]
  },
  "generated_at": "2026-01-31T00:55:23Z"
}
